[     242ms] [ERROR] Failed to load resource: the server responded with a status of 404 (File not found) @ http://localhost:8123/favicon.ico:0
[     349ms] [ERROR] TypeError: window.hive.agent.approvalSession is not a function
    at http://localhost:8123/assets/index-PcaTSeV7.js:46054:28
    at Qj (http://localhost:8123/assets/index-PcaTSeV7.js:4979:23)
    at Hk (http://localhost:8123/assets/index-PcaTSeV7.js:6214:21)
    at Ek (http://localhost:8123/assets/index-PcaTSeV7.js:5778:5)
    at jg (http://localhost:8123/assets/index-PcaTSeV7.js:2692:17)
    at Wk (http://localhost:8123/assets/index-PcaTSeV7.js:6118:5)
    at Pk (http://localhost:8123/assets/index-PcaTSeV7.js:6061:38)
    at Gk (http://localhost:8123/assets/index-PcaTSeV7.js:5717:13)
    at J3 (http://localhost:8123/assets/index-PcaTSeV7.js:407:21)
    at MessagePort.R2 (http://localhost:8123/assets/index-PcaTSeV7.js:435:15) @ http://localhost:8123/assets/index-PcaTSeV7.js:3903
[     352ms] TypeError: window.hive.agent.approvalSession is not a function
    at http://localhost:8123/assets/index-PcaTSeV7.js:46054:28
    at Qj (http://localhost:8123/assets/index-PcaTSeV7.js:4979:23)
    at Hk (http://localhost:8123/assets/index-PcaTSeV7.js:6214:21)
    at Ek (http://localhost:8123/assets/index-PcaTSeV7.js:5778:5)
    at jg (http://localhost:8123/assets/index-PcaTSeV7.js:2692:17)
    at Wk (http://localhost:8123/assets/index-PcaTSeV7.js:6118:5)
    at Pk (http://localhost:8123/assets/index-PcaTSeV7.js:6061:38)
    at Gk (http://localhost:8123/assets/index-PcaTSeV7.js:5717:13)
    at J3 (http://localhost:8123/assets/index-PcaTSeV7.js:407:21)
    at MessagePort.R2 (http://localhost:8123/assets/index-PcaTSeV7.js:435:15)
