[    8537ms] [ERROR] TypeError: Cannot read properties of undefined (reading 'getWorkspace')
    at http://localhost:8123/assets/index-BGidVXuG.js:59459:19
    at Qj (http://localhost:8123/assets/index-BGidVXuG.js:4979:23)
    at Hk (http://localhost:8123/assets/index-BGidVXuG.js:6214:21)
    at http://localhost:8123/assets/index-BGidVXuG.js:6084:7
    at J3 (http://localhost:8123/assets/index-BGidVXuG.js:407:21)
    at MessagePort.R2 (http://localhost:8123/assets/index-BGidVXuG.js:435:15) @ http://localhost:8123/assets/index-BGidVXuG.js:3903
[    8539ms] TypeError: Cannot read properties of undefined (reading 'getWorkspace')
    at http://localhost:8123/assets/index-BGidVXuG.js:59459:19
    at Qj (http://localhost:8123/assets/index-BGidVXuG.js:4979:23)
    at Hk (http://localhost:8123/assets/index-BGidVXuG.js:6214:21)
    at http://localhost:8123/assets/index-BGidVXuG.js:6084:7
    at J3 (http://localhost:8123/assets/index-BGidVXuG.js:407:21)
    at MessagePort.R2 (http://localhost:8123/assets/index-BGidVXuG.js:435:15)
[    8541ms] [ERROR] Failed to load resource: the server responded with a status of 404 (File not found) @ http://localhost:8123/favicon.ico:0
[   56863ms] [WARNING] No available adapters. @ http://localhost:8123/index.html:0
[   61976ms] [WARNING] No available adapters. @ http://localhost:8123/index.html:0
[   66945ms] [WARNING] No available adapters. @ http://localhost:8123/index.html:0
[  142941ms] [WARNING] No available adapters. @ http://localhost:8123/index.html:0
[  147068ms] [WARNING] No available adapters. @ http://localhost:8123/index.html:0
[  150743ms] [WARNING] No available adapters. @ http://localhost:8123/index.html:0
[  237294ms] [WARNING] No available adapters. @ http://localhost:8123/index.html:0
[  240991ms] [WARNING] No available adapters. @ http://localhost:8123/index.html:0
[  244690ms] [WARNING] No available adapters. @ http://localhost:8123/index.html:0
[  597981ms] [WARNING] No available adapters. @ http://localhost:8123/index.html:0
