[     425ms] [ERROR] Failed to load resource: the server responded with a status of 404 (File not found) @ http://localhost:8123/favicon.ico:0
[   14351ms] [WARNING] No available adapters. @ http://localhost:8123/index.html:0
[  205305ms] [WARNING] No available adapters. @ http://localhost:8123/index.html:0
[  464995ms] [WARNING] No available adapters. @ http://localhost:8123/index.html:0
[  969034ms] [WARNING] No available adapters. @ http://localhost:8123/index.html:0
[ 1104327ms] [WARNING] No available adapters. @ http://localhost:8123/index.html:0
[ 1120445ms] [WARNING] No available adapters. @ http://localhost:8123/index.html:0
[ 2428158ms] [WARNING] No available adapters. @ http://localhost:8123/index.html:0
[ 2429214ms] [ERROR] TypeError: Cannot read properties of undefined (reading 'fp32')
    at modelFit (http://localhost:8123/assets/index-CmPZn2bm.js:43154:33)
    at fitOf (http://localhost:8123/assets/index-CmPZn2bm.js:53670:28)
    at http://localhost:8123/assets/index-CmPZn2bm.js:53723:16
    at Array.map (<anonymous>)
    at ModelLibrary (http://localhost:8123/assets/index-CmPZn2bm.js:53715:111)
    at Nh (http://localhost:8123/assets/index-CmPZn2bm.js:3383:9)
    at Vk (http://localhost:8123/assets/index-CmPZn2bm.js:6326:13)
    at Uk (http://localhost:8123/assets/index-CmPZn2bm.js:6020:13)
    at Tk (http://localhost:8123/assets/index-CmPZn2bm.js:6014:27)
    at Ik (http://localhost:8123/assets/index-CmPZn2bm.js:5999:9) @ http://localhost:8123/assets/index-CmPZn2bm.js:3903
[ 2429219ms] TypeError: Cannot read properties of undefined (reading 'fp32')
    at modelFit (http://localhost:8123/assets/index-CmPZn2bm.js:43154:33)
    at fitOf (http://localhost:8123/assets/index-CmPZn2bm.js:53670:28)
    at http://localhost:8123/assets/index-CmPZn2bm.js:53723:16
    at Array.map (<anonymous>)
    at ModelLibrary (http://localhost:8123/assets/index-CmPZn2bm.js:53715:111)
    at Nh (http://localhost:8123/assets/index-CmPZn2bm.js:3383:9)
    at Vk (http://localhost:8123/assets/index-CmPZn2bm.js:6326:13)
    at Uk (http://localhost:8123/assets/index-CmPZn2bm.js:6020:13)
    at Tk (http://localhost:8123/assets/index-CmPZn2bm.js:6014:27)
    at Ik (http://localhost:8123/assets/index-CmPZn2bm.js:5999:9)
[ 3063706ms] [WARNING] No available adapters. @ http://localhost:8123/index.html:0
[ 3064135ms] [ERROR] TypeError: Cannot read properties of undefined (reading 'fp32')
    at modelFit (http://localhost:8123/assets/index-CmPZn2bm.js:43154:33)
    at fitOf (http://localhost:8123/assets/index-CmPZn2bm.js:53670:28)
    at http://localhost:8123/assets/index-CmPZn2bm.js:53723:16
    at Array.map (<anonymous>)
    at ModelLibrary (http://localhost:8123/assets/index-CmPZn2bm.js:53715:111)
    at Nh (http://localhost:8123/assets/index-CmPZn2bm.js:3383:9)
    at Vk (http://localhost:8123/assets/index-CmPZn2bm.js:6326:13)
    at Uk (http://localhost:8123/assets/index-CmPZn2bm.js:6020:13)
    at Tk (http://localhost:8123/assets/index-CmPZn2bm.js:6014:27)
    at Ik (http://localhost:8123/assets/index-CmPZn2bm.js:5999:9) @ http://localhost:8123/assets/index-CmPZn2bm.js:3903
[ 3064136ms] TypeError: Cannot read properties of undefined (reading 'fp32')
    at modelFit (http://localhost:8123/assets/index-CmPZn2bm.js:43154:33)
    at fitOf (http://localhost:8123/assets/index-CmPZn2bm.js:53670:28)
    at http://localhost:8123/assets/index-CmPZn2bm.js:53723:16
    at Array.map (<anonymous>)
    at ModelLibrary (http://localhost:8123/assets/index-CmPZn2bm.js:53715:111)
    at Nh (http://localhost:8123/assets/index-CmPZn2bm.js:3383:9)
    at Vk (http://localhost:8123/assets/index-CmPZn2bm.js:6326:13)
    at Uk (http://localhost:8123/assets/index-CmPZn2bm.js:6020:13)
    at Tk (http://localhost:8123/assets/index-CmPZn2bm.js:6014:27)
    at Ik (http://localhost:8123/assets/index-CmPZn2bm.js:5999:9)
