[   16918ms] [INFO] %cDownload the React DevTools for a better development experience: https://reactjs.org/link/react-devtools font-weight:bold @ http://localhost:5173/@fs/home/gustavobgt/user-harness/hive/hive-desktop/node_modules/.vite/deps/chunk-UAD7S5IU.js?v=ed0a7269:21608
[   16984ms] [ERROR] Failed to load resource: the server responded with a status of 404 (Not Found) @ http://localhost:5173/favicon.ico:0
[   79933ms] [INFO] %cDownload the React DevTools for a better development experience: https://reactjs.org/link/react-devtools font-weight:bold @ http://localhost:5173/@fs/home/gustavobgt/user-harness/hive/hive-desktop/node_modules/.vite/deps/chunk-UAD7S5IU.js?v=ed0a7269:21608
[   80072ms] [ERROR] Warning: validateDOMNesting(...): %s cannot appear as a descendant of <%s>.%s <button> button 
    at button
    at IconButton2 (http://localhost:5173/src/ui/IconButton.tsx:3:66)
    at http://localhost:5173/@fs/home/gustavobgt/user-harness/hive/hive-desktop/node_modules/.vite/deps/@hive_design-system.js?v=ed0a7269:852:11
    at http://localhost:5173/@fs/home/gustavobgt/user-harness/hive/hive-desktop/node_modules/.vite/deps/@hive_design-system.js?v=ed0a7269:994:13
    at http://localhost:5173/@fs/home/gustavobgt/user-harness/hive/hive-desktop/node_modules/.vite/deps/@hive_design-system.js?v=ed0a7269:852:11
    at http://localhost:5173/@fs/home/gustavobgt/user-harness/hive/hive-desktop/node_modules/.vite/deps/@hive_design-system.js?v=ed0a7269:994:13
    at http://localhost:5173/@fs/home/gustavobgt/user-harness/hive/hive-desktop/node_modules/.vite/deps/@hive_design-system.js?v=ed0a7269:5298:13
    at http://localhost:5173/@fs/home/gustavobgt/user-harness/hive/hive-desktop/node_modules/.vite/deps/@hive_design-system.js?v=ed0a7269:9558:13
    at http://localhost:5173/@fs/home/gustavobgt/user-harness/hive/hive-desktop/node_modules/.vite/deps/@hive_design-system.js?v=ed0a7269:10344:13
    at Provider3 (http://localhost:5173/@fs/home/gustavobgt/user-harness/hive/hive-desktop/node_modules/.vite/deps/@hive_design-system.js?v=ed0a7269:1215:15)
    at Provider3 (http://localhost:5173/@fs/home/gustavobgt/user-harness/hive/hive-desktop/node_modules/.vite/deps/@hive_design-system.js?v=ed0a7269:1215:15)
    at Provider3 (http://localhost:5173/@fs/home/gustavobgt/user-harness/hive/hive-desktop/node_modules/.vite/deps/@hive_design-system.js?v=ed0a7269:1215:15)
    at Popper (http://localhost:5173/@fs/home/gustavobgt/user-harness/hive/hive-desktop/node_modules/.vite/deps/@hive_design-system.js?v=ed0a7269:5279:11)
    at Menu (http://localhost:5173/@fs/home/gustavobgt/user-harness/hive/hive-desktop/node_modules/.vite/deps/@hive_design-system.js?v=ed0a7269:9504:11)
    at Provider3 (http://localhost:5173/@fs/home/gustavobgt/user-harness/hive/hive-desktop/node_modules/.vite/deps/@hive_design-system.js?v=ed0a7269:1215:15)
    at DropdownMenu (http://localhost:5173/@fs/home/gustavobgt/user-harness/hive/hive-desktop/node_modules/.vite/deps/@hive_design-system.js?v=ed0a7269:10309:5)
    at span
    at button
    at div
    at li
    at TreeItem (http://localhost:5173/@fs/home/gustavobgt/user-harness/hive/hive-desktop/node_modules/.vite/deps/@hive_design-system.js?v=ed0a7269:13844:3)
    at ul
    at Tree (http://localhost:5173/@fs/home/gustavobgt/user-harness/hive/hive-desktop/node_modules/.vite/deps/@hive_design-system.js?v=ed0a7269:13653:3)
    at div
    at FileTree (http://localhost:5173/src/explorer/Explorer.tsx:130:3)
    at div
    at div
    at div
    at Yt (http://localhost:5173/@fs/home/gustavobgt/user-harness/hive/hive-desktop/node_modules/.vite/deps/@hive_design-system.js?v=ed0a7269:16038:13)
    at ResizablePanel2 (http://localhost:5173/@fs/home/gustavobgt/user-harness/hive/hive-desktop/node_modules/.vite/deps/@hive_design-system.js?v=ed0a7269:16324:80)
    at div
    at Wt (http://localhost:5173/@fs/home/gustavobgt/user-harness/hive/hive-desktop/node_modules/.vite/deps/@hive_design-system.js?v=ed0a7269:15802:13)
    at Resizable2 (http://localhost:5173/@fs/home/gustavobgt/user-harness/hive/hive-desktop/node_modules/.vite/deps/@hive_design-system.js?v=ed0a7269:16320:70)
    at div
    at div
    at div
    at WorkUI (http://localhost:5173/src/WorkUI.tsx:86:3)
    at App (http://localhost:5173/src/App.tsx:21:29) @ http://localhost:5173/@fs/home/gustavobgt/user-harness/hive/hive-desktop/node_modules/.vite/deps/chunk-UAD7S5IU.js?v=ed0a7269:520
[  212080ms] [INFO] %cDownload the React DevTools for a better development experience: https://reactjs.org/link/react-devtools font-weight:bold @ http://localhost:5173/@fs/home/gustavobgt/user-harness/hive/hive-desktop/node_modules/.vite/deps/chunk-UAD7S5IU.js?v=ed0a7269:21608
[  212156ms] [ERROR] Warning: validateDOMNesting(...): %s cannot appear as a descendant of <%s>.%s <button> button 
    at button
    at IconButton2 (http://localhost:5173/src/ui/IconButton.tsx:3:66)
    at http://localhost:5173/@fs/home/gustavobgt/user-harness/hive/hive-desktop/node_modules/.vite/deps/@hive_design-system.js?v=ed0a7269:852:11
    at http://localhost:5173/@fs/home/gustavobgt/user-harness/hive/hive-desktop/node_modules/.vite/deps/@hive_design-system.js?v=ed0a7269:994:13
    at http://localhost:5173/@fs/home/gustavobgt/user-harness/hive/hive-desktop/node_modules/.vite/deps/@hive_design-system.js?v=ed0a7269:852:11
    at http://localhost:5173/@fs/home/gustavobgt/user-harness/hive/hive-desktop/node_modules/.vite/deps/@hive_design-system.js?v=ed0a7269:994:13
    at http://localhost:5173/@fs/home/gustavobgt/user-harness/hive/hive-desktop/node_modules/.vite/deps/@hive_design-system.js?v=ed0a7269:5298:13
    at http://localhost:5173/@fs/home/gustavobgt/user-harness/hive/hive-desktop/node_modules/.vite/deps/@hive_design-system.js?v=ed0a7269:9558:13
    at http://localhost:5173/@fs/home/gustavobgt/user-harness/hive/hive-desktop/node_modules/.vite/deps/@hive_design-system.js?v=ed0a7269:10344:13
    at Provider3 (http://localhost:5173/@fs/home/gustavobgt/user-harness/hive/hive-desktop/node_modules/.vite/deps/@hive_design-system.js?v=ed0a7269:1215:15)
    at Provider3 (http://localhost:5173/@fs/home/gustavobgt/user-harness/hive/hive-desktop/node_modules/.vite/deps/@hive_design-system.js?v=ed0a7269:1215:15)
    at Provider3 (http://localhost:5173/@fs/home/gustavobgt/user-harness/hive/hive-desktop/node_modules/.vite/deps/@hive_design-system.js?v=ed0a7269:1215:15)
    at Popper (http://localhost:5173/@fs/home/gustavobgt/user-harness/hive/hive-desktop/node_modules/.vite/deps/@hive_design-system.js?v=ed0a7269:5279:11)
    at Menu (http://localhost:5173/@fs/home/gustavobgt/user-harness/hive/hive-desktop/node_modules/.vite/deps/@hive_design-system.js?v=ed0a7269:9504:11)
    at Provider3 (http://localhost:5173/@fs/home/gustavobgt/user-harness/hive/hive-desktop/node_modules/.vite/deps/@hive_design-system.js?v=ed0a7269:1215:15)
    at DropdownMenu (http://localhost:5173/@fs/home/gustavobgt/user-harness/hive/hive-desktop/node_modules/.vite/deps/@hive_design-system.js?v=ed0a7269:10309:5)
    at span
    at button
    at div
    at li
    at TreeItem (http://localhost:5173/@fs/home/gustavobgt/user-harness/hive/hive-desktop/node_modules/.vite/deps/@hive_design-system.js?v=ed0a7269:13844:3)
    at ul
    at Tree (http://localhost:5173/@fs/home/gustavobgt/user-harness/hive/hive-desktop/node_modules/.vite/deps/@hive_design-system.js?v=ed0a7269:13653:3)
    at div
    at FileTree (http://localhost:5173/src/explorer/Explorer.tsx:130:3)
    at div
    at div
    at div
    at Yt (http://localhost:5173/@fs/home/gustavobgt/user-harness/hive/hive-desktop/node_modules/.vite/deps/@hive_design-system.js?v=ed0a7269:16038:13)
    at ResizablePanel2 (http://localhost:5173/@fs/home/gustavobgt/user-harness/hive/hive-desktop/node_modules/.vite/deps/@hive_design-system.js?v=ed0a7269:16324:80)
    at div
    at Wt (http://localhost:5173/@fs/home/gustavobgt/user-harness/hive/hive-desktop/node_modules/.vite/deps/@hive_design-system.js?v=ed0a7269:15802:13)
    at Resizable2 (http://localhost:5173/@fs/home/gustavobgt/user-harness/hive/hive-desktop/node_modules/.vite/deps/@hive_design-system.js?v=ed0a7269:16320:70)
    at div
    at div
    at div
    at WorkUI (http://localhost:5173/src/WorkUI.tsx:86:3)
    at App (http://localhost:5173/src/App.tsx:21:29) @ http://localhost:5173/@fs/home/gustavobgt/user-harness/hive/hive-desktop/node_modules/.vite/deps/chunk-UAD7S5IU.js?v=ed0a7269:520
[  281506ms] [LOG] [vite] server connection lost. Polling for restart... @ http://localhost:5173/@vite/client:864
[  281510ms] [ERROR] Creating a worker from 'blob:http://localhost:5173/53394462-5859-4380-bd2f-6a6c871d4a66' violates the following Content Security Policy directive: "script-src 'self'". Note that 'worker-src' was not explicitly set, so 'script-src' is used as a fallback. The action has been blocked. @ http://localhost:5173/@vite/client:934
