[     587ms] [ERROR] Failed to load resource: the server responded with a status of 404 (File not found) @ http://localhost:8123/favicon.ico:0
[     855ms] [ERROR] TypeError: window.hive.profile.agents is not a function
    at http://localhost:8123/assets/index-8cgi0OrL.js:41239:25
    at Qj (http://localhost:8123/assets/index-8cgi0OrL.js:4979:23)
    at Hk (http://localhost:8123/assets/index-8cgi0OrL.js:6214:21)
    at Ek (http://localhost:8123/assets/index-8cgi0OrL.js:5778:5)
    at jg (http://localhost:8123/assets/index-8cgi0OrL.js:2692:17)
    at Wk (http://localhost:8123/assets/index-8cgi0OrL.js:6118:5)
    at Pk (http://localhost:8123/assets/index-8cgi0OrL.js:6061:38)
    at Gk (http://localhost:8123/assets/index-8cgi0OrL.js:5717:13)
    at J3 (http://localhost:8123/assets/index-8cgi0OrL.js:407:21)
    at MessagePort.R (http://localhost:8123/assets/index-8cgi0OrL.js:435:15) @ http://localhost:8123/assets/index-8cgi0OrL.js:3903
[     878ms] TypeError: window.hive.profile.agents is not a function
    at http://localhost:8123/assets/index-8cgi0OrL.js:41239:25
    at Qj (http://localhost:8123/assets/index-8cgi0OrL.js:4979:23)
    at Hk (http://localhost:8123/assets/index-8cgi0OrL.js:6214:21)
    at Ek (http://localhost:8123/assets/index-8cgi0OrL.js:5778:5)
    at jg (http://localhost:8123/assets/index-8cgi0OrL.js:2692:17)
    at Wk (http://localhost:8123/assets/index-8cgi0OrL.js:6118:5)
    at Pk (http://localhost:8123/assets/index-8cgi0OrL.js:6061:38)
    at Gk (http://localhost:8123/assets/index-8cgi0OrL.js:5717:13)
    at J3 (http://localhost:8123/assets/index-8cgi0OrL.js:407:21)
    at MessagePort.R (http://localhost:8123/assets/index-8cgi0OrL.js:435:15)
[   11452ms] [ERROR] TypeError: window.hive.profile.agents is not a function
    at http://localhost:8123/assets/index-8cgi0OrL.js:41239:25
    at Qj (http://localhost:8123/assets/index-8cgi0OrL.js:4979:23)
    at Hk (http://localhost:8123/assets/index-8cgi0OrL.js:6214:21)
    at Ek (http://localhost:8123/assets/index-8cgi0OrL.js:5778:5)
    at jg (http://localhost:8123/assets/index-8cgi0OrL.js:2692:17)
    at Wk (http://localhost:8123/assets/index-8cgi0OrL.js:6118:5)
    at Pk (http://localhost:8123/assets/index-8cgi0OrL.js:6061:38)
    at Gk (http://localhost:8123/assets/index-8cgi0OrL.js:5717:13)
    at J3 (http://localhost:8123/assets/index-8cgi0OrL.js:407:21)
    at MessagePort.R (http://localhost:8123/assets/index-8cgi0OrL.js:435:15) @ http://localhost:8123/assets/index-8cgi0OrL.js:3903
[   11455ms] TypeError: window.hive.profile.agents is not a function
    at http://localhost:8123/assets/index-8cgi0OrL.js:41239:25
    at Qj (http://localhost:8123/assets/index-8cgi0OrL.js:4979:23)
    at Hk (http://localhost:8123/assets/index-8cgi0OrL.js:6214:21)
    at Ek (http://localhost:8123/assets/index-8cgi0OrL.js:5778:5)
    at jg (http://localhost:8123/assets/index-8cgi0OrL.js:2692:17)
    at Wk (http://localhost:8123/assets/index-8cgi0OrL.js:6118:5)
    at Pk (http://localhost:8123/assets/index-8cgi0OrL.js:6061:38)
    at Gk (http://localhost:8123/assets/index-8cgi0OrL.js:5717:13)
    at J3 (http://localhost:8123/assets/index-8cgi0OrL.js:407:21)
    at MessagePort.R (http://localhost:8123/assets/index-8cgi0OrL.js:435:15)
[   51604ms] [WARNING] No available adapters. @ http://localhost:8123/index.html:0
[  394988ms] [WARNING] No available adapters. @ http://localhost:8123/index.html:0
[ 1101355ms] [WARNING] No available adapters. @ http://localhost:8123/index.html:0
[ 1176038ms] [WARNING] No available adapters. @ http://localhost:8123/index.html:0
